[2026-08-02T15:57:56+03:00] zapret2 (nfqws2) не запущен на старте — жду и буду перепроверять в цикле.
[2026-08-02T15:57:56+03:00] autotune_daemon.sh запущен. Профили: 1 2 3 4 5 8 9 (кроме user-skip=8 9, dep-skip=нет). CHECK_INTERVAL=300s FAIL_THRESHOLD=3 RETUNE_BACKOFF=1800s
[2026-08-02T15:57:56+03:00] zapret2 не запущен, пропускаю цикл проверки.
[2026-08-02T16:02:56+03:00] zapret2 не запущен, пропускаю цикл проверки.
[2026-08-02T16:05:20+03:00] zapret2 (nfqws2) не запущен на старте — жду и буду перепроверять в цикле.
[2026-08-02T16:05:20+03:00] autotune_daemon.sh запущен. Профили: 1 2 3 4 5 8 9 (кроме user-skip=8 9, dep-skip=нет). CHECK_INTERVAL=300s FAIL_THRESHOLD=3 RETUNE_BACKOFF=1800s
[2026-08-02T16:05:20+03:00] zapret2 не запущен, пропускаю цикл проверки.
[2026-08-02T16:05:31+03:00] autotune_daemon.sh запущен. Профили: 1 2 3 4 5 8 9 (кроме user-skip=8 9, dep-skip=нет). CHECK_INTERVAL=300s FAIL_THRESHOLD=3 RETUNE_BACKOFF=1800s
[2026-08-02T16:20:50+03:00] zapret2 не запущен, пропускаю цикл проверки.
[2026-08-02T16:25:50+03:00] zapret2 не запущен, пропускаю цикл проверки.
[2026-08-02T16:30:50+03:00] zapret2 не запущен, пропускаю цикл проверки.
[2026-08-02T16:35:50+03:00] zapret2 не запущен, пропускаю цикл проверки.
[2026-08-02T16:40:50+03:00] zapret2 не запущен, пропускаю цикл проверки.
[2026-08-02T16:45:50+03:00] zapret2 не запущен, пропускаю цикл проверки.
[2026-08-02T17:16:21+03:00] PROBLEM: profile=3 (RKN_TLS) провал health-check (1/3)
[2026-08-02T17:21:29+03:00] OK: profile=3 (RKN_TLS) снова работает, сбрасываю счётчик провалов
[2026-08-02T18:43:06+03:00] PROBLEM: profile=2 (GV_TLS) провал health-check (1/3)
[2026-08-02T18:48:10+03:00] OK: profile=2 (GV_TLS) снова работает, сбрасываю счётчик провалов
[2026-08-02T19:54:22+03:00] PROBLEM: profile=2 (GV_TLS) провал health-check (1/3)
[2026-08-02T19:59:28+03:00] PROBLEM: profile=2 (GV_TLS) провал health-check (2/3)
[2026-08-02T20:04:33+03:00] OK: profile=2 (GV_TLS) снова работает, сбрасываю счётчик провалов
[2026-08-02T21:51:39+03:00] PROBLEM: profile=2 (GV_TLS) провал health-check (1/3)
[2026-08-02T21:56:48+03:00] OK: profile=2 (GV_TLS) снова работает, сбрасываю счётчик провалов
[2026-08-02T22:07:05+03:00] PROBLEM: profile=5 (YT_QUIC_UDP) провал health-check (1/3)
[2026-08-02T22:22:23+03:00] OK: profile=5 (YT_QUIC_UDP) снова работает, сбрасываю счётчик провалов
[2026-08-02T22:37:38+03:00] PROBLEM: profile=5 (YT_QUIC_UDP) провал health-check (1/3)
[2026-08-02T22:52:48+03:00] PROBLEM: profile=2 (GV_TLS) провал health-check (1/3)
[2026-08-02T22:52:51+03:00] OK: profile=5 (YT_QUIC_UDP) снова работает, сбрасываю счётчик провалов
[2026-08-02T22:57:54+03:00] OK: profile=2 (GV_TLS) снова работает, сбрасываю счётчик провалов
[2026-08-02T23:48:47+03:00] PROBLEM: profile=2 (GV_TLS) провал health-check (1/3)
[2026-08-02T23:53:50+03:00] OK: profile=2 (GV_TLS) снова работает, сбрасываю счётчик провалов
[2026-08-03T00:03:59+03:00] PROBLEM: profile=2 (GV_TLS) провал health-check (1/3)
[2026-08-03T00:09:03+03:00] OK: profile=2 (GV_TLS) снова работает, сбрасываю счётчик провалов
[2026-08-03T00:19:13+03:00] PROBLEM: profile=2 (GV_TLS) провал health-check (1/3)
[2026-08-03T00:24:19+03:00] OK: profile=2 (GV_TLS) снова работает, сбрасываю счётчик провалов
[2026-08-03T01:40:44+03:00] PROBLEM: profile=5 (YT_QUIC_UDP) провал health-check (1/3)
[2026-08-03T01:55:59+03:00] OK: profile=5 (YT_QUIC_UDP) снова работает, сбрасываю счётчик провалов
[2026-08-03T03:02:04+03:00] PROBLEM: profile=2 (GV_TLS) провал health-check (1/3)
[2026-08-03T03:07:08+03:00] PROBLEM: profile=2 (GV_TLS) провал health-check (2/3)
[2026-08-03T03:12:11+03:00] OK: profile=2 (GV_TLS) снова работает, сбрасываю счётчик провалов
[2026-08-03T04:38:46+03:00] PROBLEM: profile=2 (GV_TLS) провал health-check (1/3)
[2026-08-03T04:43:54+03:00] OK: profile=2 (GV_TLS) снова работает, сбрасываю счётчик провалов
[2026-08-03T05:44:56+03:00] PROBLEM: profile=2 (GV_TLS) провал health-check (1/3)
[2026-08-03T05:50:02+03:00] OK: profile=2 (GV_TLS) снова работает, сбрасываю счётчик провалов
[2026-08-03T06:30:48+03:00] PROBLEM: profile=2 (GV_TLS) провал health-check (1/3)
[2026-08-03T06:35:53+03:00] OK: profile=2 (GV_TLS) снова работает, сбрасываю счётчик провалов
[2026-08-03T06:40:58+03:00] PROBLEM: profile=2 (GV_TLS) провал health-check (1/3)
[2026-08-03T06:46:01+03:00] PROBLEM: profile=2 (GV_TLS) провал health-check (2/3)
[2026-08-03T06:51:07+03:00] OK: profile=2 (GV_TLS) снова работает, сбрасываю счётчик провалов
[2026-08-03T08:22:51+03:00] PROBLEM: profile=3 (RKN_TLS) провал health-check (1/3)
[2026-08-03T08:27:55+03:00] OK: profile=3 (RKN_TLS) снова работает, сбрасываю счётчик провалов
[2026-08-03T08:32:58+03:00] PROBLEM: profile=3 (RKN_TLS) провал health-check (1/3)
[2026-08-03T08:38:04+03:00] OK: profile=3 (RKN_TLS) снова работает, сбрасываю счётчик провалов
[2026-08-03T08:53:18+03:00] PROBLEM: profile=2 (GV_TLS) провал health-check (1/3)
[2026-08-03T08:58:22+03:00] OK: profile=2 (GV_TLS) снова работает, сбрасываю счётчик провалов
[2026-08-03T09:08:53+03:00] PROBLEM: profile=2 (GV_TLS) провал health-check (1/3)
[2026-08-03T09:13:56+03:00] OK: profile=2 (GV_TLS) снова работает, сбрасываю счётчик провалов
[2026-08-03T09:19:04+03:00] PROBLEM: profile=1 (YT_TLS) провал health-check (1/3)
[2026-08-03T09:24:30+03:00] OK: profile=1 (YT_TLS) снова работает, сбрасываю счётчик провалов
[2026-08-03T09:34:48+03:00] PROBLEM: profile=5 (YT_QUIC_UDP) провал health-check (1/3)
[2026-08-03T09:50:03+03:00] OK: profile=5 (YT_QUIC_UDP) снова работает, сбрасываю счётчик провалов
